mvn : WARNING: A terminally deprecated method in sun.misc.Unsafe has been 
called
At line:1 char:1
+ mvn test -Dtest=AuthControllerTest 2>&1 > test_output.txt; Select-Str ...
+ ~~~~~~~~~~~~~~~~~~~~~~~~~~~~~~~~~~~~~~~~~~~~~~~~~~~~~~~~~
    + CategoryInfo          : NotSpecified: (WARNING: A term...has been called 
   :String) [], RemoteException
    + FullyQualifiedErrorId : NativeCommandError
 
WARNING: sun.misc.Unsafe::staticFieldBase has been called by 
com.google.inject.internal.aop.HiddenClassDefiner 
(file:/C:/buildTool/apache-maven-3.9.11/lib/guice-5.1.0-classes.jar)
WARNING: Please consider reporting this to the maintainers of class 
com.google.inject.internal.aop.HiddenClassDefiner
WARNING: sun.misc.Unsafe::staticFieldBase will be removed in a future release
[INFO] Scanning for projects...
[INFO] 
[INFO] ----------------< com.bienvenidos:bienvenidos-backend >-----------------
[INFO] Building bienvenidos-backend 0.1.0
[INFO]   from pom.xml
[INFO] --------------------------------[ jar ]---------------------------------
[INFO] 
[INFO] --- resources:3.3.1:resources (default-resources) @ bienvenidos-backend ---
[INFO] Copying 2 resources from src\main\resources to target\classes
[INFO] Copying 1 resource from src\main\resources to target\classes
[INFO] 
[INFO] --- compiler:3.13.0:compile (default-compile) @ bienvenidos-backend ---
[INFO] Nothing to compile - all classes are up to date.
[INFO] 
[INFO] --- resources:3.3.1:testResources (default-testResources) @ bienvenidos-backend ---
[INFO] skip non existing resourceDirectory C:\Users\Razer\CODE\BienVenidos\backend\src\test\resources
[INFO] 
[INFO] --- compiler:3.13.0:testCompile (default-testCompile) @ bienvenidos-backend ---
[INFO] Nothing to compile - all classes are up to date.
[INFO] 
[INFO] --- surefire:3.2.5:test (default-test) @ bienvenidos-backend ---
[INFO] Using auto detected provider org.apache.maven.surefire.junitplatform.JUnitPlatformProvider
[INFO] 
[INFO] -------------------------------------------------------
[INFO]  T E S T S
[INFO] -------------------------------------------------------
[INFO] Running com.bienvenidos.backend.controller.AuthControllerTest
13:57:36.987 [main] INFO org.springframework.test.context.support.AnnotationConfigContextLoaderUtils -- Could not detect default configuration classes for test class [com.bienvenidos.backend.controller.AuthControllerTest]: AuthControllerTest does not declare any static, non-private, non-final, nested classes annotated with @Configuration.
13:57:37.214 [main] INFO org.springframework.boot.test.context.SpringBootTestContextBootstrapper -- Found @SpringBootConfiguration com.bienvenidos.backend.BienvenidosBackendApplication for test class com.bienvenidos.backend.controller.AuthControllerTest

  .   ____          _            __ _ _
 /\\ / ___'_ __ _ _(_)_ __  __ _ \ \ \ \
( ( )\___ | '_ | '_| | '_ \/ _` | \ \ \ \
 \\/  ___)| |_)| | | | | || (_| |  ) ) ) )
  '  |____| .__|_| |_|_| |_\__, | / / / /
 =========|_|==============|___/=/_/_/_/

 :: Spring Boot ::                (v3.3.6)

2026-02-09T13:57:37.963-07:00  INFO 14800 --- [           main] c.b.b.controller.AuthControllerTest      : Starting AuthControllerTest using Java 24.0.2 with PID 14800 (started by Razer in C:\Users\Razer\CODE\BienVenidos\backend)
2026-02-09T13:57:37.965-07:00  INFO 14800 --- [           main] c.b.b.controller.AuthControllerTest      : No active profile set, falling back to 1 default profile: "default"
2026-02-09T13:57:39.050-07:00  INFO 14800 --- [           main] .s.d.r.c.RepositoryConfigurationDelegate : Bootstrapping Spring Data JPA repositories in DEFAULT mode.
2026-02-09T13:57:39.135-07:00  INFO 14800 --- [           main] .s.d.r.c.RepositoryConfigurationDelegate : Finished Spring Data repository scanning in 71 ms. Found 1 JPA repository interface.
2026-02-09T13:57:40.021-07:00  INFO 14800 --- [           main] o.hibernate.jpa.internal.util.LogHelper  : HHH000204: Processing PersistenceUnitInfo [name: default]
2026-02-09T13:57:40.208-07:00  INFO 14800 --- [           main] org.hibernate.Version                    : HHH000412: Hibernate ORM core version 6.5.3.Final
2026-02-09T13:57:40.324-07:00  INFO 14800 --- [           main] o.h.c.internal.RegionFactoryInitiator    : HHH000026: Second-level cache disabled
2026-02-09T13:57:41.252-07:00  INFO 14800 --- [           main] o.s.o.j.p.SpringPersistenceUnitInfo      : No LoadTimeWeaver setup: ignoring JPA class transformer
2026-02-09T13:57:41.308-07:00  INFO 14800 --- [           main] com.zaxxer.hikari.HikariDataSource       : HikariPool-1 - Starting...
2026-02-09T13:57:41.584-07:00  INFO 14800 --- [           main] com.zaxxer.hikari.pool.HikariPool        : HikariPool-1 - Added connection conn0: url=jdbc:h2:mem:testdb user=SA
2026-02-09T13:57:41.586-07:00  INFO 14800 --- [           main] com.zaxxer.hikari.HikariDataSource       : HikariPool-1 - Start completed.
2026-02-09T13:57:41.616-07:00  WARN 14800 --- [           main] org.hibernate.dialect.Dialect            : HHH000511: The 2.2.224 version for [org.hibernate.dialect.PostgreSQLDialect] is no longer supported, hence certain features may not work properly. The minimum supported version is 12.0.0. Check the community dialects project for available legacy versions.
2026-02-09T13:57:41.624-07:00  WARN 14800 --- [           main] org.hibernate.orm.deprecation            : HHH90000025: PostgreSQLDialect does not need to be specified explicitly using 'hibernate.dialect' (remove the property setting and it will be selected by default)
2026-02-09T13:57:42.831-07:00  INFO 14800 --- [           main] o.h.e.t.j.p.i.JtaPlatformInitiator       : HHH000489: No JTA platform available (set 'hibernate.transaction.jta.platform' to enable JTA platform integration)
2026-02-09T13:57:42.883-07:00  INFO 14800 --- [           main] j.LocalContainerEntityManagerFactoryBean : Initialized JPA EntityManagerFactory for persistence unit 'default'
2026-02-09T13:57:43.803-07:00  WARN 14800 --- [           main] .s.s.UserDetailsServiceAutoConfiguration : 

Using generated security password: c9d7f713-fbaa-4504-9373-7d42768e565f

This generated password is for development use only. Your security configuration must be updated before running your application in production.

2026-02-09T13:57:43.831-07:00  INFO 14800 --- [           main] r$InitializeUserDetailsManagerConfigurer : Global AuthenticationManager configured with UserDetailsService bean with name inMemoryUserDetailsManager
WARNING: A restricted method in java.lang.System has been called
WARNING: java.lang.System::load has been called by 
org.apache.tomcat.jni.Library in an unnamed module (file:/C:/Users/Razer/.m2/re
pository/org/apache/tomcat/embed/tomcat-embed-core/10.1.33/tomcat-embed-core-10
.1.33.jar)
WARNING: Use --enable-native-access=ALL-UNNAMED to avoid a warning for callers 
in this module
WARNING: Restricted methods will be blocked in a future release unless native 
access is enabled

2026-02-09T13:57:44.956-07:00  INFO 14800 --- [           main] o.s.b.t.m.w.SpringBootMockServletContext : Initializing Spring TestDispatcherServlet ''
2026-02-09T13:57:44.957-07:00  INFO 14800 --- [           main] o.s.t.web.servlet.TestDispatcherServlet  : Initializing Servlet ''
2026-02-09T13:57:44.958-07:00  INFO 14800 --- [           main] o.s.t.web.servlet.TestDispatcherServlet  : Completed initialization in 1 ms
2026-02-09T13:57:44.988-07:00  INFO 14800 --- [           main] c.b.b.controller.AuthControllerTest      : Started AuthControllerTest in 7.532 seconds (process running for 9.143)
WARNING: A Java agent has been loaded dynamically (C:\Users\Razer\.m2\repositor
y\net\bytebuddy\byte-buddy-agent\1.14.19\byte-buddy-agent-1.14.19.jar)
WARNING: If a serviceability tool is in use, please run with 
-XX:+EnableDynamicAgentLoading to hide this warning
WARNING: If a serviceability tool is not in use, please run with 
-Djdk.instrument.traceUsage for more information
WARNING: Dynamic loading of agents will be disallowed by default in a future 
release
Java HotSpot(TM) 64-Bit Server VM warning: Sharing is only supported for boot 
loader classes because bootstrap classpath has been appended

MockHttpServletRequest:
      HTTP Method = POST
      Request URI = /api/auth/verify-email
       Parameters = {}
          Headers = [Content-Type:"application/json;charset=UTF-8", Content-Length:"47"]
             Body = {"email":"verify3@example.com","code":"123456"}
    Session Attrs = {}

Handler:
             Type = com.bienvenidos.backend.controller.AuthController
           Method = com.bienvenidos.backend.controller.AuthController#verifyEmail(VerifyEmailRequest)

Async:
    Async started = false
     Async result = null

Resolved Exception:
             Type = null

ModelAndView:
        View name = null
             View = null
            Model = null

FlashMap:
       Attributes = null

MockHttpServletResponse:
           Status = 200
    Error message = null
          Headers = [Vary:"Origin", "Access-Control-Request-Method", "Access-Control-Request-Headers", Set-Cookie:"bv_token=eyJhbGciOiJIUzI1NiJ9.eyJzdWIiOiI5MTcxOGQ5OC0wNmZjLTQ3NzctYjYwNy05YjgxNzcxNWQ5NTMiLCJlbWFpbCI6InZlcmlmeTNAZXhhbXBsZS5jb20iLCJpYXQiOjE3NzA2NzA2NjcsImV4cCI6MTc3MzI2MjY2N30.UgRQsfkB1KuYEn5IhCNGrlJKkMgPZJc0Hp6Wp-yvIus; Path=/; Max-Age=2592000; Expires=Wed, 11 Mar 2026 20:57:47 GMT; HttpOnly; SameSite=Lax", Content-Type:"application/json", X-Content-Type-Options:"nosniff", X-XSS-Protection:"0", Cache-Control:"no-cache, no-store, max-age=0, must-revalidate", Pragma:"no-cache", Expires:"0", X-Frame-Options:"DENY"]
     Content type = application/json
             Body = {"token":"eyJhbGciOiJIUzI1NiJ9.eyJzdWIiOiI5MTcxOGQ5OC0wNmZjLTQ3NzctYjYwNy05YjgxNzcxNWQ5NTMiLCJlbWFpbCI6InZlcmlmeTNAZXhhbXBsZS5jb20iLCJpYXQiOjE3NzA2NzA2NjcsImV4cCI6MTc3MzI2MjY2N30.UgRQsfkB1KuYEn5IhCNGrlJKkMgPZJc0Hp6Wp-yvIus","tokenType":"Bearer","expiresInSeconds":2592000}
    Forwarded URL = null
   Redirected URL = null
          Cookies = [[MockCookie@38769b6c name = 'bv_token', value = 'eyJhbGciOiJIUzI1NiJ9.eyJzdWIiOiI5MTcxOGQ5OC0wNmZjLTQ3NzctYjYwNy05YjgxNzcxNWQ5NTMiLCJlbWFpbCI6InZlcmlmeTNAZXhhbXBsZS5jb20iLCJpYXQiOjE3NzA2NzA2NjcsImV4cCI6MTc3MzI2MjY2N30.UgRQsfkB1KuYEn5IhCNGrlJKkMgPZJc0Hp6Wp-yvIus', comment = [null], domain = [null], maxAge = 2592000, path = '/', secure = false, version = 0, httpOnly = true]]
Failed to send verification email to newuser@example.com: Authentication failed
Failed to send verification email to phoneuser@example.com: Authentication 
failed

MockHttpServletRequest:
      HTTP Method = POST
      Request URI = /api/auth/signup
       Parameters = {}
          Headers = [Content-Type:"application/json;charset=UTF-8", Content-Length:"53"]
             Body = {"email":null,"phone":null,"password":"Password123!"}
    Session Attrs = {}

Handler:
             Type = com.bienvenidos.backend.controller.AuthController
           Method = com.bienvenidos.backend.controller.AuthController#signup(SignupRequest)

Async:
    Async started = false
     Async result = null

Resolved Exception:
             Type = java.lang.IllegalArgumentException

ModelAndView:
        View name = null
             View = null
            Model = null

FlashMap:
       Attributes = null

MockHttpServletResponse:
           Status = 400
    Error message = null
          Headers = [Vary:"Origin", "Access-Control-Request-Method", "Access-Control-Request-Headers", Content-Type:"application/json", X-Content-Type-Options:"nosniff", X-XSS-Protection:"0", Cache-Control:"no-cache, no-store, max-age=0, must-revalidate", Pragma:"no-cache", Expires:"0", X-Frame-Options:"DENY"]
     Content type = application/json
             Body = {"error":"Email is required"}
    Forwarded URL = null
   Redirected URL = null
          Cookies = []
2026-02-09T13:57:49.356-07:00  WARN 14800 --- [           main] o.h.engine.jdbc.spi.SqlExceptionHelper   : SQL Error: 23502, SQLState: 23502
2026-02-09T13:57:49.356-07:00 ERROR 14800 --- [           main] o.h.engine.jdbc.spi.SqlExceptionHelper   : NULL not allowed for column "EMAIL"; SQL statement:
insert into public.app_users (created_at,email,email_verified,password_hash,phone,verification_code,verification_code_expiry,id) values (?,?,?,?,?,?,?,?) [23502-224]
[ERROR] Tests run: 18, Failures: 2, Errors: 1, Skipped: 0, Time elapsed: 12.85 s <<< FAILURE! -- in com.bienvenidos.backend.controller.AuthControllerTest
[ERROR] com.bienvenidos.backend.controller.AuthControllerTest.testVerifyEmailWithExpiredCodeFails -- Time elapsed: 0.132 s <<< FAILURE!
java.lang.AssertionError: Status expected:<400> but was:<200>
	at org.springframework.test.util.AssertionErrors.fail(AssertionErrors.java:59)
	at org.springframework.test.util.AssertionErrors.assertEquals(AssertionErrors.java:122)
	at org.springframework.test.web.servlet.result.StatusResultMatchers.lambda$matcher$9(StatusResultMatchers.java:637)
	at org.springframework.test.web.servlet.MockMvc$1.andExpect(MockMvc.java:214)
	at com.bienvenidos.backend.controller.AuthControllerTest.testVerifyEmailWithExpiredCodeFails(AuthControllerTest.java:375)
	at java.base/java.lang.reflect.Method.invoke(Method.java:565)
	at java.base/java.util.ArrayList.forEach(ArrayList.java:1604)
	at java.base/java.util.ArrayList.forEach(ArrayList.java:1604)

[ERROR] com.bienvenidos.backend.controller.AuthControllerTest.testSignupWithNeitherEmailNorPhoneFails -- Time elapsed: 0.013 s <<< FAILURE!
java.lang.AssertionError: JSON path "$.error" expected:<Either email or phone must be provided> but was:<Email is required>
	at org.springframework.test.util.AssertionErrors.fail(AssertionErrors.java:59)
	at org.springframework.test.util.AssertionErrors.assertEquals(AssertionErrors.java:122)
	at org.springframework.test.util.JsonPathExpectationsHelper.assertValue(JsonPathExpectationsHelper.java:123)
	at org.springframework.test.web.servlet.result.JsonPathResultMatchers.lambda$value$2(JsonPathResultMatchers.java:111)
	at org.springframework.test.web.servlet.MockMvc$1.andExpect(MockMvc.java:214)
	at com.bienvenidos.backend.controller.AuthControllerTest.testSignupWithNeitherEmailNorPhoneFails(AuthControllerTest.java:195)
	at java.base/java.lang.reflect.Method.invoke(Method.java:565)
	at java.base/java.util.ArrayList.forEach(ArrayList.java:1604)
	at java.base/java.util.ArrayList.forEach(ArrayList.java:1604)

[ERROR] com.bienvenidos.backend.controller.AuthControllerTest.testLoginSuccessfullyWithPhone -- Time elapsed: 0.127 s <<< ERROR!
org.springframework.dao.DataIntegrityViolationException: 
could not execute statement [NULL not allowed for column "EMAIL"; SQL statement:
insert into public.app_users (created_at,email,email_verified,password_hash,phone,verification_code,verification_code_expiry,id) values (?,?,?,?,?,?,?,?) [23502-224]] [insert into public.app_users (created_at,email,email_verified,password_hash,phone,verification_code,verification_code_expiry,id) values (?,?,?,?,?,?,?,?)]; SQL [insert into public.app_users (created_at,email,email_verified,password_hash,phone,verification_code,verification_code_expiry,id) values (?,?,?,?,?,?,?,?)]; constraint [null]
	at org.springframework.orm.jpa.vendor.HibernateJpaDialect.convertHibernateAccessException(HibernateJpaDialect.java:290)
	at org.springframework.orm.jpa.vendor.HibernateJpaDialect.translateExceptionIfPossible(HibernateJpaDialect.java:241)
	at org.springframework.orm.jpa.JpaTransactionManager.doCommit(JpaTransactionManager.java:566)
	at org.springframework.transaction.support.AbstractPlatformTransactionManager.processCommit(AbstractPlatformTransactionManager.java:795)
	at org.springframework.transaction.support.AbstractPlatformTransactionManager.commit(AbstractPlatformTransactionManager.java:758)
	at org.springframework.transaction.interceptor.TransactionAspectSupport.commitTransactionAfterReturning(TransactionAspectSupport.java:663)
	at org.springframework.transaction.interceptor.TransactionAspectSupport.invokeWithinTransaction(TransactionAspectSupport.java:413)
	at org.springframework.transaction.interceptor.TransactionInterceptor.invoke(TransactionInterceptor.java:119)
	at org.springframework.aop.framework.ReflectiveMethodInvocation.proceed(ReflectiveMethodInvocation.java:184)
	at org.springframework.dao.support.PersistenceExceptionTranslationInterceptor.invoke(PersistenceExceptionTranslationInterceptor.java:138)
	at org.springframework.aop.framework.ReflectiveMethodInvocation.proceed(ReflectiveMethodInvocation.java:184)
	at org.springframework.data.jpa.repository.support.CrudMethodMetadataPostProcessor$CrudMethodMetadataPopulatingMethodInterceptor.invoke(CrudMethodMetadataPostProcessor.java:165)
	at org.springframework.aop.framework.ReflectiveMethodInvocation.proceed(ReflectiveMethodInvocation.java:184)
	at org.springframework.aop.interceptor.ExposeInvocationInterceptor.invoke(ExposeInvocationInterceptor.java:97)
	at org.springframework.aop.framework.ReflectiveMethodInvocation.proceed(ReflectiveMethodInvocation.java:184)
	at org.springframework.aop.framework.JdkDynamicAopProxy.invoke(JdkDynamicAopProxy.java:223)
	at jdk.proxy2/jdk.proxy2.$Proxy134.save(Unknown Source)
	at com.bienvenidos.backend.controller.AuthControllerTest.testLoginSuccessfullyWithPhone(AuthControllerTest.java:285)
	at java.base/java.lang.reflect.Method.invoke(Method.java:565)
	at java.base/java.util.ArrayList.forEach(ArrayList.java:1604)
	at java.base/java.util.ArrayList.forEach(ArrayList.java:1604)
Caused by: org.hibernate.exception.ConstraintViolationException: could not execute statement [NULL not allowed for column "EMAIL"; SQL statement:
insert into public.app_users (created_at,email,email_verified,password_hash,phone,verification_code,verification_code_expiry,id) values (?,?,?,?,?,?,?,?) [23502-224]] [insert into public.app_users (created_at,email,email_verified,password_hash,phone,verification_code,verification_code_expiry,id) values (?,?,?,?,?,?,?,?)]
	at org.hibernate.exception.internal.SQLExceptionTypeDelegate.convert(SQLExceptionTypeDelegate.java:62)
	at org.hibernate.exception.internal.StandardSQLExceptionConverter.convert(StandardSQLExceptionConverter.java:58)
	at org.hibernate.engine.jdbc.spi.SqlExceptionHelper.convert(SqlExceptionHelper.java:108)
	at org.hibernate.engine.jdbc.internal.ResultSetReturnImpl.executeUpdate(ResultSetReturnImpl.java:197)
	at org.hibernate.engine.jdbc.mutation.internal.AbstractMutationExecutor.performNonBatchedMutation(AbstractMutationExecutor.java:134)
	at org.hibernate.engine.jdbc.mutation.internal.MutationExecutorSingleNonBatched.performNonBatchedOperations(MutationExecutorSingleNonBatched.java:55)
	at org.hibernate.engine.jdbc.mutation.internal.AbstractMutationExecutor.execute(AbstractMutationExecutor.java:55)
	at org.hibernate.persister.entity.mutation.InsertCoordinatorStandard.doStaticInserts(InsertCoordinatorStandard.java:194)
	at org.hibernate.persister.entity.mutation.InsertCoordinatorStandard.coordinateInsert(InsertCoordinatorStandard.java:132)
	at org.hibernate.persister.entity.mutation.InsertCoordinatorStandard.insert(InsertCoordinatorStandard.java:104)
	at org.hibernate.action.internal.EntityInsertAction.execute(EntityInsertAction.java:110)
	at org.hibernate.engine.spi.ActionQueue.executeActions(ActionQueue.java:633)
	at org.hibernate.engine.spi.ActionQueue.executeActions(ActionQueue.java:500)
	at org.hibernate.event.internal.AbstractFlushingEventListener.performExecutions(AbstractFlushingEventListener.java:385)
	at org.hibernate.event.internal.DefaultFlushEventListener.onFlush(DefaultFlushEventListener.java:41)
	at org.hibernate.event.service.internal.EventListenerGroupImpl.fireEventOnEachListener(EventListenerGroupImpl.java:127)
	at org.hibernate.internal.SessionImpl.doFlush(SessionImpl.java:1425)
	at org.hibernate.internal.SessionImpl.managedFlush(SessionImpl.java:487)
	at org.hibernate.internal.SessionImpl.flushBeforeTransactionCompletion(SessionImpl.java:2324)
	at org.hibernate.internal.SessionImpl.beforeTransactionCompletion(SessionImpl.java:1981)
	at org.hibernate.engine.jdbc.internal.JdbcCoordinatorImpl.beforeTransactionCompletion(JdbcCoordinatorImpl.java:439)
	at org.hibernate.resource.transaction.backend.jdbc.internal.JdbcResourceLocalTransactionCoordinatorImpl.beforeCompletionCallback(JdbcResourceLocalTransactionCoordinatorImpl.java:169)
	at org.hibernate.resource.transaction.backend.jdbc.internal.JdbcResourceLocalTransactionCoordinatorImpl$TransactionDriverControlImpl.commit(JdbcResourceLocalTransactionCoordinatorImpl.java:267)
	at org.hibernate.engine.transaction.internal.TransactionImpl.commit(TransactionImpl.java:101)
	at org.springframework.orm.jpa.JpaTransactionManager.doCommit(JpaTransactionManager.java:562)
	... 18 more
Caused by: org.h2.jdbc.JdbcSQLIntegrityConstraintViolationException: NULL not allowed for column "EMAIL"; SQL statement:
insert into public.app_users (created_at,email,email_verified,password_hash,phone,verification_code,verification_code_expiry,id) values (?,?,?,?,?,?,?,?) [23502-224]
	at org.h2.message.DbException.getJdbcSQLException(DbException.java:520)
	at org.h2.message.DbException.getJdbcSQLException(DbException.java:489)
	at org.h2.message.DbException.get(DbException.java:223)
	at org.h2.message.DbException.get(DbException.java:199)
	at org.h2.table.Column.validateConvertUpdateSequence(Column.java:365)
	at org.h2.table.Table.convertInsertRow(Table.java:936)
	at org.h2.command.dml.Insert.insertRows(Insert.java:167)
	at org.h2.command.dml.Insert.update(Insert.java:135)
	at org.h2.command.dml.DataChangeStatement.update(DataChangeStatement.java:74)
	at org.h2.command.CommandContainer.update(CommandContainer.java:169)
	at org.h2.command.Command.executeUpdate(Command.java:256)
	at org.h2.jdbc.JdbcPreparedStatement.executeUpdateInternal(JdbcPreparedStatement.java:216)
	at org.h2.jdbc.JdbcPreparedStatement.executeUpdate(JdbcPreparedStatement.java:174)
	at com.zaxxer.hikari.pool.ProxyPreparedStatement.executeUpdate(ProxyPreparedStatement.java:61)
	at com.zaxxer.hikari.pool.HikariProxyPreparedStatement.executeUpdate(HikariProxyPreparedStatement.java)
	at org.hibernate.engine.jdbc.internal.ResultSetReturnImpl.executeUpdate(ResultSetReturnImpl.java:194)
	... 39 more

[INFO] 
[INFO] Results:
[INFO] 
[ERROR] Failures: 
[ERROR]   AuthControllerTest.testSignupWithNeitherEmailNorPhoneFails:195 JSON path "$.error" expected:<Either email or phone must be provided> but was:<Email is required>
[ERROR]   AuthControllerTest.testVerifyEmailWithExpiredCodeFails:375 Status expected:<400> but was:<200>
[ERROR] Errors: 
[ERROR]   AuthControllerTest.testLoginSuccessfullyWithPhone:285 ╗ DataIntegrityViolation could not execute statement [NULL not allowed for column "EMAIL"; SQL statement:
insert into public.app_users (created_at,email,email_verified,password_hash,phone,verification_code,verification_code_expiry,id) values (?,?,?,?,?,?,?,?) [23502-224]] [insert into public.app_users (created_at,email,email_verified,password_hash,phone,verification_code,verification_code_expiry,id) values (?,?,?,?,?,?,?,?)]; SQL [insert into public.app_users (created_at,email,email_verified,password_hash,phone,verification_code,verification_code_expiry,id) values (?,?,?,?,?,?,?,?)]; constraint [null]
[INFO] 
[ERROR] Tests run: 18, Failures: 2, Errors: 1, Skipped: 0
[INFO] 
[INFO] ------------------------------------------------------------------------
[INFO] BUILD FAILURE
[INFO] ------------------------------------------------------------------------
[INFO] Total time:  17.003 s
[INFO] Finished at: 2026-02-09T13:57:49-07:00
[INFO] ------------------------------------------------------------------------
[ERROR] Failed to execute goal org.apache.maven.plugins:maven-surefire-plugin:3.2.5:test (default-test) on project bienvenidos-backend: There are test failures.
[ERROR] 
[ERROR] Please refer to C:\Users\Razer\CODE\BienVenidos\backend\target\surefire-reports for the individual test results.
[ERROR] Please refer to dump files (if any exist) [date].dump, [date]-jvmRun[N].dump and [date].dumpstream.
[ERROR] -> [Help 1]
[ERROR] 
[ERROR] To see the full stack trace of the errors, re-run Maven with the -e switch.
[ERROR] Re-run Maven using the -X switch to enable full debug logging.
[ERROR] 
[ERROR] For more information about the errors and possible solutions, please read the following articles:
[ERROR] [Help 1] http://cwiki.apache.org/confluence/display/MAVEN/MojoFailureException
